Starea Sistemului la data: Fri Aug 15 17:56:55 UTC 2025
--- Utilizare CPU --- 
%CPU
0.0
0.0
0.0
0.0
--- Utilizare Memorie --- 
%MEM
0.0
0.0
0.0
0.0
--- Numarul de procese active --- 
 Numarul total de procese active este: 7
--- Utilizare disk --- 
Filesystem      Size  Used Avail Use% Mounted on
overlay          39G   19G   18G  52% /
tmpfs            64M     0   64M   0% /dev
shm              64M     0   64M   0% /dev/shm
/dev/sda3        39G   19G   18G  52% /src
tmpfs           2.7G     0  2.7G   0% /proc/asound
tmpfs           2.7G     0  2.7G   0% /proc/acpi
tmpfs           2.7G     0  2.7G   0% /proc/scsi
tmpfs           2.7G     0  2.7G   0% /sys/firmware
